Invalid command
Invalid command
Invalid command
Invalid command
Invalid command
Invalid command
Invalid command
Invalid command
Invalid command
Failed to load input/dummy
Invalid command
Invalid command
Invalid command
Invalid command
Invalid command
Invalid command
Invalid command
Invalid command
Invalid command
Loaded input/s.pgm
Invalid command
Invalid set of coordinates
Invalid command
Invalid command
Invalid command
Invalid command
Invalid command
Invalid command
Invalid command
Invalid command
Invalid command
Loaded input/s_a.pgm
Invalid command
Invalid set of coordinates
Invalid command
Invalid command
Invalid command
Invalid command
Invalid command
Invalid command
Invalid command
Invalid command
Invalid command
Loaded input/s.ppm
Invalid command
Invalid set of coordinates
Invalid command
Invalid command
Invalid command
Invalid command
Invalid command
Invalid command
Invalid command
Invalid command
Invalid command
Loaded input/s_a.ppm
Invalid command
Invalid set of coordinates
Invalid command
Invalid command
Invalid command
Invalid command
Invalid command
Invalid command
Invalid command
Invalid command
Invalid command
