Loaded input/b_a.pgm
Invalid command
Failed to load input/dummy
No image loaded
Invalid command
No image loaded
No image loaded
Loaded input/b_a.pgm
Invalid command
Saved output/ci_3_1.pgm
Invalid set of coordinates
Image cropped
Invalid command
Invalid set of coordinates
Invalid command
Invalid command
Selected ALL
Image cropped
Saved output/ci_3_2.pgm
Invalid set of coordinates
Failed to load input/dummy
Loaded output/ci_3_2.pgm
Invalid set of coordinates
Invalid command
Selected 0 0 1000 1200
Invalid set of coordinates
Image cropped
Invalid command
Selected 0 0 1000 1200
Invalid command
Image cropped
Invalid command
Selected ALL
Invalid command
Invalid command
Invalid command
Selected 0 0 1000 1200
Invalid command
Invalid command
Invalid command
Invalid set of coordinates
Invalid command
Invalid set of coordinates
Invalid command
Invalid set of coordinates
Image cropped
Invalid set of coordinates
Invalid command
Saved output/ci_3_3a.pgm
Saved output/ci_3_3.pgm
Invalid command
Saved output/ci_3_4a.pgm
Saved output/ci_3_4.pgm
Loaded input/b.pgm
Invalid command
Failed to load input/dummy
No image loaded
Invalid command
No image loaded
No image loaded
Loaded input/b.pgm
Invalid command
Saved output/ci_3_5.pgm
Invalid set of coordinates
Image cropped
Invalid command
Invalid set of coordinates
Invalid command
Invalid command
Selected ALL
Image cropped
Saved output/ci_3_6.pgm
Invalid set of coordinates
Failed to load input/dummy
Loaded output/ci_3_6.pgm
Invalid command
Selected 0 0 1000 1200
Invalid set of coordinates
Image cropped
Invalid command
Selected 0 0 1000 1200
Invalid command
Image cropped
Invalid command
Selected ALL
Invalid command
Invalid command
Invalid command
Selected 0 0 1000 1200
Invalid command
Invalid command
Invalid command
Selected 50 50 100 100
Invalid command
Invalid set of coordinates
Invalid set of coordinates
Invalid command
Invalid set of coordinates
Image cropped
Invalid set of coordinates
Invalid command
Saved output/ci_3_7a.pgm
Saved output/ci_3_7.pgm
Invalid command
Selected 0 0 1 1
Invalid command
Saved output/ci_3_8a.pgm
Saved output/ci_3_8.pgm
