Loaded input/s.pgm
Selected 200 200 400 400
Invalid command
Saved output/ss_r-180_ba_1a.pgm
Selected 0 0 199 199
Invalid command
Saved output/ss_r-180_ba_2a.pgm
Selected 521 401 600 480
Invalid command
Saved output/ss_r-180_ba_3a.pgm
Loaded input/s.pgm
Selected ALL
Invalid command
Saved output/ss_r-180_ba_4a.pgm
Loaded input/s.pgm
Selected 0 0 600 480
Invalid command
Saved output/ss_r-180_ba_5a.pgm
Loaded input/s.ppm
Selected 200 200 400 400
Invalid command
Saved output/ss_r-180_ba_1a.ppm
Selected 0 0 199 199
Invalid command
Saved output/ss_r-180_ba_2a.ppm
Selected 521 401 600 480
Invalid command
Saved output/ss_r-180_ba_3a.ppm
Loaded input/s.ppm
Selected ALL
Invalid command
Saved output/ss_r-180_ba_4a.ppm
Loaded input/s.ppm
Selected 0 0 600 480
Invalid command
Saved output/ss_r-180_ba_5a.ppm
